// Jest Snapshot v1, https://goo.gl/fbAQLP

exports[`Header renders and matches snapshot 1`] = `
<div>
  <header
    class="StyledBox-sc-13pk1d4-0 dfQQGl"
    style="width: 100vw;"
  >
    <div
      class="StyledBox-sc-13pk1d4-0 jJdKAu"
    >
      <a
        class="StyledAnchor-sc-1rp7lwl-0 eRnWpc"
        href="/"
      >
        LiveRider
      </a>
    </div>
  </header>
</div>
`;
