// Jest Snapshot v1, https://goo.gl/fbAQLP

exports[`<PublicRoute /> does not render Login if user is authenticated 1`] = `
<div>
  <div
    class="StyledGrommet-sc-19lkkz7-0 blnwXx"
  />
</div>
`;

exports[`<PublicRoute /> renders Login if user is not authenticated 1`] = `
<div>
  <div
    class="StyledGrommet-sc-19lkkz7-0 blnwXx"
  >
    <div
      class="StyledBox-sc-13pk1d4-0 DKkMM"
      data-testid="login-header"
    >
      <h2
        class="StyledHeading-sc-1rdh4aw-0 jMKEAN"
      >
        Login
      </h2>
      <a
        class="StyledAnchor-sc-1rp7lwl-0 kZUeBZ"
        href="/register"
      >
        or Create An Account
      </a>
    </div>
    <form
      id="login-form"
      style="max-width: 70vw; margin: auto;"
    >
      <div
        class="StyledBox-sc-13pk1d4-0 bIVpEL FormField__FormFieldBox-m9hood-0 ddgSii FormField__StyledFormField-g4wt0p-0 euhBMS"
      >
        <label
          class="StyledText-sc-1sadyjn-0 enbIRN"
        >
          Email*
        </label>
        <div
          class="StyledBox-sc-13pk1d4-0 GCqjV"
        >
          <div
            class="StyledBox-sc-13pk1d4-0 jJdKAu"
          >
            <div
              class="StyledTextInput__StyledTextInputContainer-sc-1x30a0s-1 ksQrmr"
            >
              <input
                autocomplete="off"
                class="StyledTextInput-sc-1x30a0s-0 bjXYsX"
                name="email"
                type="email"
                value=""
              />
            </div>
          </div>
        </div>
      </div>
      <div
        class="StyledBox-sc-13pk1d4-0 bIVpEL FormField__FormFieldBox-m9hood-0 ddgSii FormField__StyledFormField-g4wt0p-0 euhBMS"
      >
        <label
          class="StyledText-sc-1sadyjn-0 enbIRN"
        >
          Password*
        </label>
        <div
          class="StyledBox-sc-13pk1d4-0 GCqjV"
        >
          <div
            class="StyledBox-sc-13pk1d4-0 jJdKAu"
          >
            <div
              class="StyledBox-sc-13pk1d4-0 emmXTg"
            >
              <div
                class="StyledTextInput__StyledTextInputContainer-sc-1x30a0s-1 ksQrmr"
              >
                <input
                  autocomplete="off"
                  class="StyledTextInput-sc-1x30a0s-0 bjXYsX"
                  id="password"
                  name="password"
                  type="password"
                  value=""
                />
              </div>
              <button
                class="StyledButton-sc-323bzc-0 jvkqEN Button__StyledGrommetButton-sc-5cxguj-0 dKGxUf"
                type="button"
              >
                <svg
                  aria-label="Hide"
                  class="StyledIcon-ofa7kd-0 gzViXn"
                  style="width: 30px;"
                  viewBox="0 0 24 24"
                >
                  <path
                    d="M12,17 C9.27272727,17 6,14.2222222 6,12 C6,9.77777778 9.27272727,7 12,7 C14.7272727,7 18,9.77777778 18,12 C18,14.2222222 14.7272727,17 12,17 Z M11,12 C11,12.55225 11.44775,13 12,13 C12.55225,13 13,12.55225 13,12 C13,11.44775 12.55225,11 12,11 C11.44775,11 11,11.44775 11,12 Z M20,5 L4,19"
                    fill="none"
                    stroke="#000"
                    stroke-width="2"
                  />
                </svg>
              </button>
            </div>
          </div>
        </div>
      </div>
      <div
        class="StyledBox-sc-13pk1d4-0 gVZJeo"
      >
        <button
          class="StyledButton-sc-323bzc-0 iNqTxf Button__StyledGrommetButton-sc-5cxguj-0 dKGxUf"
          type="submit"
        >
          Login
        </button>
      </div>
    </form>
  </div>
</div>
`;
