// Jest Snapshot v1, https://goo.gl/fbAQLP

exports[`Form empty 1`] = `
.c0 {
  font-size: 18px;
  line-height: 24px;
  box-sizing: border-box;
  -webkit-text-size-adjust: 100%;
  -ms-text-size-adjust: 100%;
  -moz-osx-font-smoothing: grayscale;
  -webkit-font-smoothing: antialiased;
}

<div
  className="c0"
>
  <form
    onReset={[Function]}
    onSubmit={[Function]}
    style={
      Object {
        "margin": "auto",
        "maxWidth": "70vw",
      }
    }
  />
</div>
`;

exports[`Form regexp validation 1`] = `
.c0 {
  margin-left: 12px;
  margin-right: 12px;
  margin-top: 6px;
  margin-bottom: 6px;
  font-size: 18px;
  line-height: 24px;
  color: #FF4040;
}

@media only screen and (max-width:768px) {

}

@media only screen and (max-width:768px) {

}

@media only screen and (max-width:768px) {

}

<span
  class="c0"
>
  invalid
</span>
`;

exports[`Form required validation 1`] = `
.c0 {
  margin-left: 12px;
  margin-right: 12px;
  margin-top: 6px;
  margin-bottom: 6px;
  font-size: 18px;
  line-height: 24px;
  color: #FF4040;
}

@media only screen and (max-width:768px) {

}

@media only screen and (max-width:768px) {

}

@media only screen and (max-width:768px) {

}

<span
  class="c0"
>
  required
</span>
`;

exports[`Form update 1`] = `
.c1 {
  display: -webkit-box;
  display: -webkit-flex;
  display: -ms-flexbox;
  display: flex;
  box-sizing: border-box;
  outline: none;
  max-width: 100%;
  margin-bottom: 12px;
  min-width: 0;
  min-height: 0;
  -webkit-flex-direction: column;
  -ms-flex-direction: column;
  flex-direction: column;
}

.c4 {
  display: -webkit-box;
  display: -webkit-flex;
  display: -ms-flexbox;
  display: flex;
  box-sizing: border-box;
  outline: none;
  max-width: 100%;
  border-bottom: solid 1px rgba(0,0,0,0.33);
  min-width: 0;
  min-height: 0;
  -webkit-flex-direction: column;
  -ms-flex-direction: column;
  flex-direction: column;
}

.c5 {
  display: -webkit-box;
  display: -webkit-flex;
  display: -ms-flexbox;
  display: flex;
  box-sizing: border-box;
  outline: none;
  max-width: 100%;
  min-width: 0;
  min-height: 0;
  -webkit-flex-direction: column;
  -ms-flex-direction: column;
  flex-direction: column;
}

.c8 {
  display: inline-block;
  box-sizing: border-box;
  cursor: pointer;
  outline: none;
  font: inherit;
  -webkit-text-decoration: none;
  text-decoration: none;
  margin: 0;
  background: transparent;
  overflow: visible;
  text-transform: none;
  border: 2px solid #7D4CDB;
  border-radius: 18px;
  color: #444444;
  padding: 4px 22px;
  font-size: 18px;
  line-height: 24px;
  background: #7D4CDB;
  color: #f8f8f8;
  border-radius: 18px;
  -webkit-transition-property: color, background-color, border-color, box-shadow;
  transition-property: color, background-color, border-color, box-shadow;
  -webkit-transition-duration: 0.1s;
  transition-duration: 0.1s;
  -webkit-transition-timing-function: ease-in-out;
  transition-timing-function: ease-in-out;
}

.c8:hover {
  box-shadow: 0px 0px 0px 2px #7D4CDB;
}

.c3 {
  margin-left: 12px;
  margin-right: 12px;
  margin-top: 6px;
  margin-bottom: 6px;
  font-size: 18px;
  line-height: 24px;
}

.c7 {
  box-sizing: border-box;
  font-size: inherit;
  font-family: inherit;
  border: none;
  -webkit-appearance: none;
  padding: 11px;
  outline: none;
  background: transparent;
  color: inherit;
  font-weight: 600;
  margin: 0;
  border: 1px solid rgba(0,0,0,0.33);
  border-radius: 4px;
  width: 100%;
  border: none;
}

.c7::-webkit-search-decoration {
  -webkit-appearance: none;
}

.c7::-webkit-input-placeholder {
  color: #AAAAAA;
}

.c7::-moz-placeholder {
  color: #AAAAAA;
}

.c7:-ms-input-placeholder {
  color: #AAAAAA;
}

.c7::-moz-focus-inner {
  border: none;
  outline: none;
}

.c6 {
  position: relative;
  width: 100%;
}

.c0 {
  font-size: 18px;
  line-height: 24px;
  box-sizing: border-box;
  -webkit-text-size-adjust: 100%;
  -ms-text-size-adjust: 100%;
  -moz-osx-font-smoothing: grayscale;
  -webkit-font-smoothing: antialiased;
}

.c2 label {
  margin: 15px 0 0 12px;
  font-size: 14px;
}

.c2 span {
  font-size: 14px;
}

.c9 {
  font-weight: bold;
  font-family: 'Roboto Mono';
}

@media only screen and (max-width:768px) {
  .c1 {
    margin-bottom: 6px;
  }
}

@media only screen and (max-width:768px) {
  .c4 {
    border-bottom: solid 1px rgba(0,0,0,0.33);
  }
}

<div
  class="c0"
>
  <form
    style="max-width: 70vw; margin: auto;"
  >
    <div
      class="c1 c2"
    >
      <label
        class="c3"
      >
        undefined*
      </label>
      <div
        class="c4"
      >
        <div
          class="c5"
        >
          <div
            class="c6"
          >
            <input
              autocomplete="off"
              class="c7"
              name="test"
              placeholder="test input"
              value=""
            />
          </div>
        </div>
      </div>
    </div>
    <div
      class="c1 c2"
    >
      <div
        class="c4"
      >
        <div
          class="c5"
        >
          <div
            class="c6"
          >
            <input
              autocomplete="off"
              class="c7"
              name="test2"
              placeholder="test-2 input"
              value=""
            />
          </div>
        </div>
      </div>
    </div>
    <button
      class="c8 c9"
      type="submit"
    >
      Submit
    </button>
  </form>
</div>
`;

exports[`Form with field 1`] = `
.c1 {
  display: -webkit-box;
  display: -webkit-flex;
  display: -ms-flexbox;
  display: flex;
  box-sizing: border-box;
  outline: none;
  max-width: 100%;
  margin-bottom: 12px;
  min-width: 0;
  min-height: 0;
  -webkit-flex-direction: column;
  -ms-flex-direction: column;
  flex-direction: column;
}

.c3 {
  display: -webkit-box;
  display: -webkit-flex;
  display: -ms-flexbox;
  display: flex;
  box-sizing: border-box;
  outline: none;
  max-width: 100%;
  border-bottom: solid 1px rgba(0,0,0,0.33);
  min-width: 0;
  min-height: 0;
  -webkit-flex-direction: column;
  -ms-flex-direction: column;
  flex-direction: column;
}

.c4 {
  display: -webkit-box;
  display: -webkit-flex;
  display: -ms-flexbox;
  display: flex;
  box-sizing: border-box;
  outline: none;
  max-width: 100%;
  min-width: 0;
  min-height: 0;
  -webkit-flex-direction: column;
  -ms-flex-direction: column;
  flex-direction: column;
}

.c6 {
  box-sizing: border-box;
  font-size: inherit;
  font-family: inherit;
  border: none;
  -webkit-appearance: none;
  padding: 11px;
  outline: none;
  background: transparent;
  color: inherit;
  font-weight: 600;
  margin: 0;
  border: 1px solid rgba(0,0,0,0.33);
  border-radius: 4px;
  width: 100%;
  border: none;
}

.c6::-webkit-search-decoration {
  -webkit-appearance: none;
}

.c6::-webkit-input-placeholder {
  color: #AAAAAA;
}

.c6::-moz-placeholder {
  color: #AAAAAA;
}

.c6:-ms-input-placeholder {
  color: #AAAAAA;
}

.c6::-moz-focus-inner {
  border: none;
  outline: none;
}

.c5 {
  position: relative;
  width: 100%;
}

.c0 {
  font-size: 18px;
  line-height: 24px;
  box-sizing: border-box;
  -webkit-text-size-adjust: 100%;
  -ms-text-size-adjust: 100%;
  -moz-osx-font-smoothing: grayscale;
  -webkit-font-smoothing: antialiased;
}

.c2 label {
  margin: 15px 0 0 12px;
  font-size: 14px;
}

.c2 span {
  font-size: 14px;
}

@media only screen and (max-width:768px) {
  .c1 {
    margin-bottom: 6px;
  }
}

@media only screen and (max-width:768px) {
  .c3 {
    border-bottom: solid 1px rgba(0,0,0,0.33);
  }
}

<div
  className="c0"
>
  <form
    onReset={[Function]}
    onSubmit={[Function]}
    style={
      Object {
        "margin": "auto",
        "maxWidth": "70vw",
      }
    }
  >
    <div
      className="c1 c2"
      onBlur={[Function]}
      onFocus={[Function]}
    >
      <div
        className="c3"
      >
        <div
          className="c4"
        >
          <div
            className="c5"
          >
            <input
              autoComplete="off"
              className="c6"
              name="test"
              onBlur={[Function]}
              onChange={[Function]}
              onFocus={[Function]}
              onKeyDown={[Function]}
              value=""
            />
          </div>
        </div>
      </div>
    </div>
  </form>
</div>
`;
