// Jest Snapshot v1, https://goo.gl/fbAQLP

exports[`<PrivateRoute /> does not render if user is not authenticated 1`] = `
<div>
  <div
    class="StyledGrommet-sc-19lkkz7-0 gVQrIe"
  />
</div>
`;
