// Jest Snapshot v1, https://goo.gl/fbAQLP

exports[`it renders and matches snapshot 1`] = `
<div>
  <div
    class="StyledBox-sc-13pk1d4-0 emmXTg"
  >
    <div
      class="StyledTextInput__StyledTextInputContainer-sc-1x30a0s-1 ksQrmr"
    >
      <input
        autocomplete="off"
        class="StyledTextInput-sc-1x30a0s-0 huJELu"
        type="password"
        value=""
      />
    </div>
    <button
      class="StyledButton-sc-323bzc-0 jvkqEN Button__StyledGrommetButton-sc-5cxguj-0 dKGxUf"
      type="button"
    >
      <svg
        aria-label="Hide"
        class="StyledIcon-ofa7kd-0 dhtznn"
        style="width: 30px;"
        viewBox="0 0 24 24"
      >
        <path
          d="M12,17 C9.27272727,17 6,14.2222222 6,12 C6,9.77777778 9.27272727,7 12,7 C14.7272727,7 18,9.77777778 18,12 C18,14.2222222 14.7272727,17 12,17 Z M11,12 C11,12.55225 11.44775,13 12,13 C12.55225,13 13,12.55225 13,12 C13,11.44775 12.55225,11 12,11 C11.44775,11 11,11.44775 11,12 Z M20,5 L4,19"
          fill="none"
          stroke="#000"
          stroke-width="2"
        />
      </svg>
    </button>
  </div>
</div>
`;
