// Jest Snapshot v1, https://goo.gl/fbAQLP

exports[`it renders and matches snapshot 1`] = `
.c1 {
  font-size: 18px;
  line-height: 24px;
}

.c0 {
  font-family: -apple-system, BlinkMacSystemFont, "Segoe UI", Roboto, Oxygen, Ubuntu, Cantarell, "Fira Sans", "Droid Sans", "Helvetica Neue", Arial,sans-serif, "Apple Color Emoji", "Segoe UI Emoji", "Segoe UI Symbol";
  font-size: 18px;
  line-height: 24px;
  background: #ffffff;
  color: #444444;
  box-sizing: border-box;
  -webkit-text-size-adjust: 100%;
  -ms-text-size-adjust: 100%;
  -moz-osx-font-smoothing: grayscale;
  -webkit-font-smoothing: antialiased;
}

<div>
  <div
    class="c0"
  >
    <span
      class="c1 "
    >
      TESTING
    </span>
  </div>
</div>
`;
