// Jest Snapshot v1, https://goo.gl/fbAQLP

exports[`Button renders and matches snapshot 1`] = `
<div>
  <a
    class="StyledButton-sc-323bzc-0 dnCEuz Button__StyledGrommetButton-sc-5cxguj-0 dKGxUf"
    href="https://cuttlesoft.com"
  >
    <h1>
      Test
    </h1>
  </a>
</div>
`;
